#################
#  Parameters   #
#################


#mail dest adress
MAILDEST=ben
#backuped host user
SRC_USER=root
#snapshot dir name (will create $SRC_HOST/snapshot.000 ...)
SNAPDIR=/backup/

########################
# do the real backup   #
########################
INIT

RSYNC \
--exclude /var/lock \
--exclude /var/log \
--exclude /var/cache \
--exclude /var/lib/apt \
--exclude /var/lib/dpkg \
--exclude var/cache/apt/archives \
$RSRC/var $DEST &&\
RSYNC $RSRC/etc $DEST &&\
RSYNC $RSRC/root $DEST &&\
RSYNC $RSRC/home \
--exclude /home/backup \
--exclude /home/vservers/ftp/home \
--exclude /home/www/dav \
--exclude /home/mpd/metal \
$DEST
