#################
#  Parameters   #
#################

DEST_USER=root
DEST_HOST=localhost
DEST_DIR=/backup/kimsufi
MAIL_ADDRESS=you@example.com
SOURCE_USER=root

#options
SSH_KEY=~backup/.ssh/id_backup-server
VERBOSE=true

########################
# do the real backup   #
########################

backup /var var \
--exclude /var/lock \
--exclude /var/log \
--exclude /var/cache \
--exclude /var/lib/apt \
--exclude /var/lib/dpkg \
--exclude /var/cache/apt/archives

backup /etc etc \
--exclude fstab

backup /root root

backup /home home \
--exclude backup 
